[2026-01-29T06:43:26.396Z] === BACKEND LOGIN TEST ===
[2026-01-29T06:43:26.401Z] Target: http://127.0.0.1:5000
[2026-01-29T06:43:26.402Z] Testing /health...
[2026-01-29T06:43:26.409Z] ❌ Health FAILED: connect ECONNREFUSED 127.0.0.1:5000
[2026-01-29T06:43:26.409Z] Testing /api/auth/login...
[2026-01-29T06:43:26.411Z] ❌ Login ERROR: connect ECONNREFUSED 127.0.0.1:5000